Archive member included to satisfy reference by file (symbol)

../StdPeriphDriver\libISP583.a(ISP583.o)
                              ./StdPeriphDriver/CH58x_flash.o (FLASH_EEPROM_CMD)
c:/mounriver/mounriver_studio/toolchain/risc-v embedded gcc/bin/../lib/gcc/riscv-none-embed/8.2.0/../../../../riscv-none-embed/lib/rv32imac/ilp32\libg_nano.a(lib_a-printf.o)
                              ./StdPeriphDriver/CH58x_usb2hostClass.o (printf)
c:/mounriver/mounriver_studio/toolchain/risc-v embedded gcc/bin/../lib/gcc/riscv-none-embed/8.2.0/../../../../riscv-none-embed/lib/rv32imac/ilp32\libg_nano.a(lib_a-putchar.o)
                              ./StdPeriphDriver/CH58x_usb2hostClass.o (putchar)
c:/mounriver/mounriver_studio/toolchain/risc-v embedded gcc/bin/../lib/gcc/riscv-none-embed/8.2.0/../../../../riscv-none-embed/lib/rv32imac/ilp32\libg_nano.a(lib_a-puts.o)
                              ./StdPeriphDriver/CH58x_usb2hostBase.o (puts)
c:/mounriver/mounriver_studio/toolchain/risc-v embedded gcc/bin/../lib/gcc/riscv-none-embed/8.2.0/../../../../riscv-none-embed/lib/rv32imac/ilp32\libg_nano.a(lib_a-wbuf.o)
                              c:/mounriver/mounriver_studio/toolchain/risc-v embedded gcc/bin/../lib/gcc/riscv-none-embed/8.2.0/../../../../riscv-none-embed/lib/rv32imac/ilp32\libg_nano.a(lib_a-puts.o) (__swbuf_r)
c:/mounriver/mounriver_studio/toolchain/risc-v embedded gcc/bin/../lib/gcc/riscv-none-embed/8.2.0/../../../../riscv-none-embed/lib/rv32imac/ilp32\libg_nano.a(lib_a-wsetup.o)
                              c:/mounriver/mounriver_studio/toolchain/risc-v embedded gcc/bin/../lib/gcc/riscv-none-embed/8.2.0/../../../../riscv-none-embed/lib/rv32imac/ilp32\libg_nano.a(lib_a-puts.o) (__swsetup_r)
c:/mounriver/mounriver_studio/toolchain/risc-v embedded gcc/bin/../lib/gcc/riscv-none-embed/8.2.0/../../../../riscv-none-embed/lib/rv32imac/ilp32\libg_nano.a(lib_a-fflush.o)
                              c:/mounriver/mounriver_studio/toolchain/risc-v embedded gcc/bin/../lib/gcc/riscv-none-embed/8.2.0/../../../../riscv-none-embed/lib/rv32imac/ilp32\libg_nano.a(lib_a-wbuf.o) (_fflush_r)
c:/mounriver/mounriver_studio/toolchain/risc-v embedded gcc/bin/../lib/gcc/riscv-none-embed/8.2.0/../../../../riscv-none-embed/lib/rv32imac/ilp32\libg_nano.a(lib_a-findfp.o)
                              c:/mounriver/mounriver_studio/toolchain/risc-v embedded gcc/bin/../lib/gcc/riscv-none-embed/8.2.0/../../../../riscv-none-embed/lib/rv32imac/ilp32\libg_nano.a(lib_a-printf.o) (__sinit)
c:/mounriver/mounriver_studio/toolchain/risc-v embedded gcc/bin/../lib/gcc/riscv-none-embed/8.2.0/../../../../riscv-none-embed/lib/rv32imac/ilp32\libg_nano.a(lib_a-fwalk.o)
                              c:/mounriver/mounriver_studio/toolchain/risc-v embedded gcc/bin/../lib/gcc/riscv-none-embed/8.2.0/../../../../riscv-none-embed/lib/rv32imac/ilp32\libg_nano.a(lib_a-findfp.o) (_fwalk)
c:/mounriver/mounriver_studio/toolchain/risc-v embedded gcc/bin/../lib/gcc/riscv-none-embed/8.2.0/../../../../riscv-none-embed/lib/rv32imac/ilp32\libg_nano.a(lib_a-impure.o)
                              c:/mounriver/mounriver_studio/toolchain/risc-v embedded gcc/bin/../lib/gcc/riscv-none-embed/8.2.0/../../../../riscv-none-embed/lib/rv32imac/ilp32\libg_nano.a(lib_a-fflush.o) (_global_impure_ptr)
c:/mounriver/mounriver_studio/toolchain/risc-v embedded gcc/bin/../lib/gcc/riscv-none-embed/8.2.0/../../../../riscv-none-embed/lib/rv32imac/ilp32\libg_nano.a(lib_a-makebuf.o)
                              c:/mounriver/mounriver_studio/toolchain/risc-v embedded gcc/bin/../lib/gcc/riscv-none-embed/8.2.0/../../../../riscv-none-embed/lib/rv32imac/ilp32\libg_nano.a(lib_a-wsetup.o) (__smakebuf_r)
c:/mounriver/mounriver_studio/toolchain/risc-v embedded gcc/bin/../lib/gcc/riscv-none-embed/8.2.0/../../../../riscv-none-embed/lib/rv32imac/ilp32\libg_nano.a(lib_a-memset.o)
                              c:/mounriver/mounriver_studio/toolchain/risc-v embedded gcc/bin/../lib/gcc/riscv-none-embed/8.2.0/../../../../riscv-none-embed/lib/rv32imac/ilp32\libg_nano.a(lib_a-findfp.o) (memset)
c:/mounriver/mounriver_studio/toolchain/risc-v embedded gcc/bin/../lib/gcc/riscv-none-embed/8.2.0/../../../../riscv-none-embed/lib/rv32imac/ilp32\libg_nano.a(lib_a-nano-freer.o)
                              c:/mounriver/mounriver_studio/toolchain/risc-v embedded gcc/bin/../lib/gcc/riscv-none-embed/8.2.0/../../../../riscv-none-embed/lib/rv32imac/ilp32\libg_nano.a(lib_a-wsetup.o) (_free_r)
c:/mounriver/mounriver_studio/toolchain/risc-v embedded gcc/bin/../lib/gcc/riscv-none-embed/8.2.0/../../../../riscv-none-embed/lib/rv32imac/ilp32\libg_nano.a(lib_a-nano-mallocr.o)
                              c:/mounriver/mounriver_studio/toolchain/risc-v embedded gcc/bin/../lib/gcc/riscv-none-embed/8.2.0/../../../../riscv-none-embed/lib/rv32imac/ilp32\libg_nano.a(lib_a-findfp.o) (_malloc_r)
[...]
Memory Configuration

Name             Origin             Length             Attributes
FLASH            0x0000000000000000 0x0000000000070000 xr
RAM              0x0000000020000000 0x0000000000008000 xrw
*default*        0x0000000000000000 0xffffffffffffffff

Linker script and memory map

LOAD ./src/Main.o
LOAD ./StdPeriphDriver/CH58x_clk.o
LOAD ./StdPeriphDriver/CH58x_flash.o
LOAD ./StdPeriphDriver/CH58x_gpio.o
LOAD ./StdPeriphDriver/CH58x_i2c.o
LOAD ./StdPeriphDriver/CH58x_pwr.o
LOAD ./StdPeriphDriver/CH58x_spi1.o
LOAD ./StdPeriphDriver/CH58x_sys.o
LOAD ./StdPeriphDriver/CH58x_uart0.o
LOAD ./StdPeriphDriver/CH58x_uart1.o
LOAD ./StdPeriphDriver/CH58x_usb2dev.o
LOAD ./StdPeriphDriver/CH58x_usb2hostBase.o
LOAD ./StdPeriphDriver/CH58x_usb2hostClass.o
LOAD ./Startup/startup_CH583.o
LOAD ./RVMSIS/core_riscv.o
LOAD ../StdPeriphDriver\libISP583.a
LOAD c:/mounriver/mounriver_studio/toolchain/risc-v embedded gcc/bin/../lib/gcc/riscv-none-embed/8.2.0/rv32imac/ilp32\libgcc.a
LOAD c:/mounriver/mounriver_studio/toolchain/risc-v embedded gcc/bin/../lib/gcc/riscv-none-embed/8.2.0/../../../../riscv-none-embed/lib/rv32imac/ilp32\libg_nano.a
LOAD c:/mounriver/mounriver_studio/toolchain/risc-v embedded gcc/bin/../lib/gcc/riscv-none-embed/8.2.0/../../../../riscv-none-embed/lib/rv32imac/ilp32\libc_nano.a
LOAD c:/mounriver/mounriver_studio/toolchain/risc-v embedded gcc/bin/../lib/gcc/riscv-none-embed/8.2.0/rv32imac/ilp32\libgcc.a
START GROUP
LOAD c:/mounriver/mounriver_studio/toolchain/risc-v embedded gcc/bin/../lib/gcc/riscv-none-embed/8.2.0/rv32imac/ilp32\libgcc.a
LOAD c:/mounriver/mounriver_studio/toolchain/risc-v embedded gcc/bin/../lib/gcc/riscv-none-embed/8.2.0/../../../../riscv-none-embed/lib/rv32imac/ilp32\libc_nano.a
LOAD c:/mounriver/mounriver_studio/toolchain/risc-v embedded gcc/bin/../lib/gcc/riscv-none-embed/8.2.0/../../../../riscv-none-embed/lib/rv32imac/ilp32\libnosys.a
END GROUP
START GROUP
LOAD c:/mounriver/mounriver_studio/toolchain/risc-v embedded gcc/bin/../lib/gcc/riscv-none-embed/8.2.0/rv32imac/ilp32\libgcc.a
LOAD c:/mounriver/mounriver_studio/toolchain/risc-v embedded gcc/bin/../lib/gcc/riscv-none-embed/8.2.0/../../../../riscv-none-embed/lib/rv32imac/ilp32\libc_nano.a
LOAD c:/mounriver/mounriver_studio/toolchain/risc-v embedded gcc/bin/../lib/gcc/riscv-none-embed/8.2.0/../../../../riscv-none-embed/lib/rv32imac/ilp32\libnosys.a
END GROUP
                0x0000000000000200                __stack_size = 0x200
                [!provide]                        PROVIDE (_stack_size = __stack_size)

.init           0x0000000000000000        0x4
                0x0000000000000000                _sinit = .
                0x0000000000000000                . = ALIGN (0x4)
 *(SORT_NONE(.init))
 .init          0x0000000000000000        0x4 ./Startup/startup_CH583.o
                0x0000000000000000                _start
                0x0000000000000004                . = ALIGN (0x4)
                0x0000000000000004                _einit = .

.highcodelalign
                0x0000000000000004        0x0
                0x0000000000000004                . = ALIGN (0x4)
                0x0000000000000004                PROVIDE (_highcode_lma = .)

.highcode       0x0000000020000000      0x9c4 load address 0x0000000000000004
                0x0000000020000000                . = ALIGN (0x4)
                0x0000000020000000                PROVIDE (_highcode_vma_start = .)
 *(.vector)
 .vector        0x0000000020000000       0x90 ./Startup/startup_CH583.o
 *(SORT_NONE(.vector_handler))
 .vector_handler
                0x0000000020000090        0x2 ./Startup/startup_CH583.o
                0x0000000020000090                GPIOA_IRQHandler
                0x0000000020000090                SysTick_Handler
                0x0000000020000090                NMI_Handler
                0x0000000020000090                UART1_IRQHandler
                0x0000000020000090                UART0_IRQHandler
                0x0000000020000090                BB_IRQHandler
                0x0000000020000090                Break_Point_Handler
                0x0000000020000090                TMR0_IRQHandler
                0x0000000020000090                Ecall_M_Mode_Handler
                0x0000000020000090                RTC_IRQHandler
                0x0000000020000090                UART2_IRQHandler
                0x0000000020000090                PWMX_IRQHandler
                0x0000000020000090                ADC_IRQHandler
                0x0000000020000090                TMR2_IRQHandler
                0x0000000020000090                USB_IRQHandler
                0x0000000020000090                I2C_IRQHandler
                0x0000000020000090                USB2_IRQHandler
                0x0000000020000090                LLE_IRQHandler
                0x0000000020000090                WDOG_BAT_IRQHandler
                0x0000000020000090                Ecall_U_Mode_Handler
                0x0000000020000090                TMR3_IRQHandler
                0x0000000020000090                SW_Handler
                0x0000000020000090                SPI0_IRQHandler
                0x0000000020000090                UART3_IRQHandler
                0x0000000020000090                TMR1_IRQHandler
 *(.highcode)
 .highcode      0x0000000020000092       0x20 ./src/Main.o
                0x0000000020000092                GPIOB_IRQHandler
 .highcode      0x00000000200000b2      0x4ec ./StdPeriphDriver/CH58x_sys.o
                0x00000000200000b2                SetSysClock
                0x0000000020000438                SYS_ResetExecute
                0x00000000200004aa                HardFault_Handler
                0x0000000020000568                mDelayuS
                0x0000000020000576                mDelaymS
 .highcode      0x000000002000059e      0x426 ../StdPeriphDriver\libISP583.a(ISP583.o)
                0x000000002000059e                FLASH_ROM_BEG
                0x00000000200005b0                FLASH_ROM_END
                0x00000000200005be                FLASH_ROM_IN
                0x00000000200005cc                FLASH_ROM_OUT
                0x00000000200005da                FLASH_ROM_ADDR
                0x0000000020000622                FLASH_ROM_WAIT
                0x000000002000065a                FLASH_EEPROM_CMD
 *(.highcode.*)
                0x00000000200009c4                . = ALIGN (0x4)
                0x00000000200009c4                PROVIDE (_highcode_vma_end = .)

.text           0x00000000000009c8      0x2f8
                0x00000000000009c8                . = ALIGN (0x4)
 *(SORT_NONE(.handle_reset))
 .handle_reset  0x00000000000009c8       0xb2 ./Startup/startup_CH583.o
                0x00000000000009c8                handle_reset
 *(.text)
 *(.text.*)
 .text.startup.main
                0x0000000000000a7a      0x100 ./src/Main.o
                0x0000000000000a7a                main
 .text.GPIOB_ModeCfg
                0x0000000000000b7a       0xa6 ./StdPeriphDriver/CH58x_gpio.o
                0x0000000000000b7a                GPIOB_ModeCfg
 .text.GPIOB_ITModeCfg
                0x0000000000000c20       0x8a ./StdPeriphDriver/CH58x_gpio.o
                0x0000000000000c20                GPIOB_ITModeCfg
 *(.rodata)
 *(.rodata*)
 *fill*         0x0000000000000caa        0x2 
 .rodata.GPIOB_ModeCfg
                0x0000000000000cac       0x14 ./StdPeriphDriver/CH58x_gpio.o
 *(.sdata2.*)
 *(.glue_7)
 *(.glue_7t)
 *(.gnu.linkonce.t.*)
                0x0000000000000cc0                . = ALIGN (0x4)

.rela.dyn       0x0000000000000cc0        0x0
 .rela.init     0x0000000000000cc0        0x0 ./src/Main.o
 .rela.vector   0x0000000000000cc0        0x0 ./src/Main.o
 .rela.handle_reset
                0x0000000000000cc0        0x0 ./src/Main.o

.fini           0x0000000000000cc0        0x0
 *(SORT_NONE(.fini))
                0x0000000000000cc0                . = ALIGN (0x4)
                [!provide]                        PROVIDE (_etext = .)
                [!provide]                        PROVIDE (_eitcm = .)

.preinit_array  0x0000000000000cc0        0x0
                [!provide]                        PROVIDE (__preinit_array_start = .)
 *(.preinit_array)
                [!provide]                        PROVIDE (__preinit_array_end = .)

.init_array     0x0000000000000cc0        0x0
                [!provide]                        PROVIDE (__init_array_start = .)
 *(SORT_BY_INIT_PRIORITY(.init_array.*) SORT_BY_INIT_PRIORITY(.ctors.*))
 *(.init_array EXCLUDE_FILE(*crtend?.o *crtend.o *crtbegin?.o *crtbegin.o) .ctors)
                [!provide]                        PROVIDE (__init_array_end = .)

.fini_array     0x0000000000000cc0        0x0
                [!provide]                        PROVIDE (__fini_array_start = .)
 *(SORT_BY_INIT_PRIORITY(.fini_array.*) SORT_BY_INIT_PRIORITY(.dtors.*))
 *(.fini_array EXCLUDE_FILE(*crtend?.o *crtend.o *crtbegin?.o *crtbegin.o) .dtors)
                [!provide]                        PROVIDE (__fini_array_end = .)

.ctors
 *crtbegin.o(.ctors)
 *crtbegin?.o(.ctors)
 *(EXCLUDE_FILE(*crtend?.o *crtend.o) .ctors)
 *(SORT_BY_NAME(.ctors.*))
 *(.ctors)

.dtors
 *crtbegin.o(.dtors)
 *crtbegin?.o(.dtors)
 *(EXCLUDE_FILE(*crtend?.o *crtend.o) .dtors)
 *(SORT_BY_NAME(.dtors.*))
 *(.dtors)

.dalign         0x00000000200009c4        0x0 load address 0x0000000000000cc0
                0x00000000200009c4                . = (ORIGIN (RAM) + SIZEOF (.highcode))

.dlalign        0x0000000000000cc0        0x0
                0x0000000000000cc0                . = ALIGN (0x4)
                0x0000000000000cc0                PROVIDE (_data_lma = .)

.data           0x00000000200009c4        0x4 load address 0x0000000000000cc0
                0x00000000200009c4                . = ALIGN (0x4)
                0x00000000200009c4                PROVIDE (_data_vma = .)
 *(.gnu.linkonce.r.*)
 *(.data .data.*)
 *(.gnu.linkonce.d.*)
                0x00000000200009c8                . = ALIGN (0x8)
 *fill*         0x00000000200009c4        0x4 
                0x00000000200011c8                PROVIDE (__global_pointer$ = (. + 0x800))
 *(.sdata .sdata.*)
 *(.gnu.linkonce.s.*)
                0x00000000200009c8                . = ALIGN (0x8)
 *(.srodata.cst16)
 *(.srodata.cst8)
 *(.srodata.cst4)
 *(.srodata.cst2)
 *(.srodata .srodata.*)
                0x00000000200009c8                . = ALIGN (0x4)
                0x00000000200009c8                PROVIDE (_edata = .)

.bss            0x00000000200009c8        0xc load address 0x0000000000000cc0
                0x00000000200009c8                . = ALIGN (0x4)
                0x00000000200009c8                PROVIDE (_sbss = .)
 *(.sbss*)
 .sbss.flag_led
                0x00000000200009c8        0x1 ./src/Main.o
                0x00000000200009c8                flag_led
 .sbss.interrupt_flag
                0x00000000200009c9        0x1 ./src/Main.o
                0x00000000200009c9                interrupt_flag
 *fill*         0x00000000200009ca        0x2 
 .sbss.time     0x00000000200009cc        0x4 ./src/Main.o
                0x00000000200009cc                time
 .sbss.IRQ_STA  0x00000000200009d0        0x4 ./StdPeriphDriver/CH58x_sys.o
                0x00000000200009d0                IRQ_STA
 *(.gnu.linkonce.sb.*)
 *(.bss*)
 *(.gnu.linkonce.b.*)
 *(COMMON*)
                0x00000000200009d4                . = ALIGN (0x4)
                0x00000000200009d4                PROVIDE (_ebss = .)
                0x00000000200009d4                PROVIDE (_end = _ebss)
                [!provide]                        PROVIDE (end = .)

.stack          0x0000000020007e00      0x200
                0x0000000020007e00                PROVIDE (_heap_end = .)
                0x0000000020007e00                . = ALIGN (0x4)
                [!provide]                        PROVIDE (_susrstack = .)
                0x0000000020008000                . = (. + __stack_size)
 *fill*         0x0000000020007e00      0x200 
                0x0000000020008000                PROVIDE (_eusrstack = .)
OUTPUT(Gpio_CH583.elf elf32-littleriscv)

.debug_info     0x0000000000000000     0x3a06
 .debug_info    0x0000000000000000     0x110f ./src/Main.o
 .debug_info    0x000000000000110f      0xe73 ./StdPeriphDriver/CH58x_gpio.o
 .debug_info    0x0000000000001f82     0x1a62 ./StdPeriphDriver/CH58x_sys.o
 .debug_info    0x00000000000039e4       0x22 ./Startup/startup_CH583.o

.debug_abbrev   0x0000000000000000      0x996
 .debug_abbrev  0x0000000000000000      0x2c8 ./src/Main.o
 .debug_abbrev  0x00000000000002c8      0x268 ./StdPeriphDriver/CH58x_gpio.o
 .debug_abbrev  0x0000000000000530      0x454 ./StdPeriphDriver/CH58x_sys.o
 .debug_abbrev  0x0000000000000984       0x12 ./Startup/startup_CH583.o

.debug_loc      0x0000000000000000      0xa47
 .debug_loc     0x0000000000000000       0x14 ./src/Main.o
 .debug_loc     0x0000000000000014      0x361 ./StdPeriphDriver/CH58x_gpio.o
 .debug_loc     0x0000000000000375      0x6d2 ./StdPeriphDriver/CH58x_sys.o

.debug_aranges  0x0000000000000000      0x130
 .debug_aranges
                0x0000000000000000       0x28 ./src/Main.o
 .debug_aranges
                0x0000000000000028       0x48 ./StdPeriphDriver/CH58x_gpio.o
 .debug_aranges
                0x0000000000000070       0x90 ./StdPeriphDriver/CH58x_sys.o
 .debug_aranges
                0x0000000000000100       0x30 ./Startup/startup_CH583.o

.debug_ranges   0x0000000000000000      0x128
 .debug_ranges  0x0000000000000000       0x18 ./src/Main.o
 .debug_ranges  0x0000000000000018       0x38 ./StdPeriphDriver/CH58x_gpio.o
 .debug_ranges  0x0000000000000050       0xb0 ./StdPeriphDriver/CH58x_sys.o
 .debug_ranges  0x0000000000000100       0x28 ./Startup/startup_CH583.o

.debug_line     0x0000000000000000     0x2622
 .debug_line    0x0000000000000000      0x415 ./src/Main.o
 .debug_line    0x0000000000000415      0x713 ./StdPeriphDriver/CH58x_gpio.o
 .debug_line    0x0000000000000b28     0x19af ./StdPeriphDriver/CH58x_sys.o
 .debug_line    0x00000000000024d7      0x14b ./Startup/startup_CH583.o

.debug_str      0x0000000000000000      0xf02
 .debug_str     0x0000000000000000      0xae9 ./src/Main.o
                                        0xb7d (size before relaxing)
 .debug_str     0x0000000000000ae9       0xa1 ./StdPeriphDriver/CH58x_gpio.o
                                        0x9eb (size before relaxing)
 .debug_str     0x0000000000000b8a      0x351 ./StdPeriphDriver/CH58x_sys.o
                                        0xcaf (size before relaxing)
 .debug_str     0x0000000000000edb       0x27 ./Startup/startup_CH583.o
                                         0x72 (size before relaxing)

.comment        0x0000000000000000       0x33
 .comment       0x0000000000000000       0x33 ./src/Main.o
                                         0x34 (size before relaxing)
 .comment       0x0000000000000033       0x34 ./StdPeriphDriver/CH58x_gpio.o
 .comment       0x0000000000000033       0x34 ./StdPeriphDriver/CH58x_sys.o
 .comment       0x0000000000000033       0x34 ../StdPeriphDriver\libISP583.a(ISP583.o)

.debug_frame    0x0000000000000000      0x1d4
 .debug_frame   0x0000000000000000       0x40 ./src/Main.o
 .debug_frame   0x0000000000000040       0x70 ./StdPeriphDriver/CH58x_gpio.o
 .debug_frame   0x00000000000000b0      0x124 ./StdPeriphDriver/CH58x_sys.o

.stabstr        0x0000000000000000      0x117
 .stabstr       0x0000000000000000      0x117 c:/mounriver/mounriver_studio/toolchain/risc-v embedded gcc/bin/../lib/gcc/riscv-none-embed/8.2.0/../../../../riscv-none-embed/lib/rv32imac/ilp32\libnosys.a(close.o)
